---
source: src/app/startpage.rs
expression: buffer_string(terminal.backend().buffer())
---
│  ▀▀▀▀▀ ▀▀▀▀▀ ▀   ▀ ▀▀▀▀▀  ▀▀▀▀ ▀   ▀ ▀▀▀▀  ▀▀▀▀▀ ▀▀▀▀▀ ▀▀▀▀      ▀▀   ▀      │
│   ▀  ▀▀  ▀▀▀▀▀▀ ▀▀  ▀  ▀▀▀▀▀▀▀▀        ▀▀▀▀  ▀▀▀▀  ▀▀▀▀  ▀▀▀▀       ▀▀ ▀ ▀▀▀▀│
│         ▀▀▀▀  ▀▀▀▀        ▀▀▀▀        ▀ ▀▀▀ ▀▀▀▀  ▀▀▀▀  ▀ ▀▀▀    ▀ ▀     ▀   │
│         ▀▀▀▀  ▀▀  ▀      ▀▀▀▀▀ ▀▀▀▀▀    ▀▀        ▀▀▀▀    ▀▀  ▀▀    ▀        │
│     ▀   ▀▀▀▀▀ ▀   ▀   ▀   ▀▀▀▀   ▀▀▀  ▀   ▀ ▀▀▀   ▀▀▀▀▀▀▀▀▀ ▀   ▀  ▀▀▀▀▀ ▀   │
│                                                  ▀           ▀▀▀     ▀    ▀▀▀│
│      RFERTEXTSURFERTEXT                         ▀▀▀▀▀▀▀▀▀▀▀▀▀       ▀        │
│  TEXTSURFERTEXTSURFERTEXTS▀▀▀▀▀▀▀▀▀▀            ▀           ▀       ▀  ▀     │
│RFERTEXTS           RFERTEXTS     ▀▀▀ ▀ ▀        ▀▀▀▀▀▀▀▀▀▀▀▀▀      ▀         │
│SURFERT         TEXTSURFERTEX  ▀     ▀ ▀▀         ▀▀▀ ▀ ▀ ▀▀▀        ▀ ▀      │
│XTSURF         FERTEXTSURFER ▀▀▀▀▀▀    ▀▀▀▀▀           ▀▀       ▀  ▀    ▀     │
│TEXTSUR ▀▀▀▀▀▀▀▀▀▀▀RTEXTSUR▀▀▀ ▀▀ ▀    ▀▀ ▀▀▀▀▀▀    ▀▀▀▀▀▀▀▀▀▀▀▀▀▀▀ ▀ ▀▀▀▀▀▀▀ │
│ERTEXTSURFE                ▀     ▀         ▀              ▀▀▀▀▀   ▀      ▀ ▀  │
│   RTEXTSURFERTEXTSURFERTEXTS▀▀▀▀▀▀▀▀▀▀▀▀▀▀▀▀▀▀▀       ▀▀▀▀ ▀ ▀ ▀▀ ▀ ▀ ▀▀ ▀ ▀ │
│▀▀▀▀▀▀▀EXTSURFERTEXTSURFERTEX   ▀   ▀   ▀      ▀    ▀▀▀▀▀▀ ▀ ▀ ▀▀  ▀▀ ▀▀ ▀ ▀ ▀│
│                                                   ▀▀▀▀▀▀ ▀ ▀ ▀▀ ▀▀▀ ▀▀ ▀ ▀ ▀▀│
│▀▀   ▀    ▀▀   ▀    ▀▀   ▀    ▀▀   ▀    ▀▀   ▀  ▀▀▀ ▀ ▀▀ ▀▀▀ ▀▀ ▀ ▀ ▀▀▀▀ ▀ ▀▀ │
│  ▀    ▀    ▀    ▀    ▀    ▀    ▀    ▀    ▀   ▀▀▀▀▀▀▀▀▀▀▀▀▀▀▀▀▀▀▀▀▀▀▀▀▀▀▀▀▀▀▀▀│
