---
source: src/app/startpage.rs
expression: buffer_string(terminal.backend().buffer())
---
│      ▀▀▀▀▀ ▀▀▀▀ ▀  ▀ ▀▀▀▀▀ ▀▀▀▀ ▀  ▀ ▀▀▀▀ ▀▀▀▀▀ ▀▀▀▀ ▀▀▀▀     ▀▀  ▀          │
│       ▀  ▀▀ ▀▀▀▀▀▀ ▀  ▀  ▀▀▀▀▀▀▀       ▀▀▀  ▀▀▀▀ ▀▀▀▀  ▀▀▀       ▀ ▀ ▀▀▀     │
│            ▀▀▀▀  ▀▀▀       ▀▀▀▀       ▀ ▀▀ ▀▀▀▀  ▀▀▀  ▀ ▀▀    ▀ ▀    ▀       │
│            ▀▀▀▀  ▀▀ ▀     ▀▀▀▀▀ ▀▀▀▀    ▀▀       ▀▀▀    ▀  ▀▀                │
│                                                              ▀▀▀ ▀  ▀▀       │
│         URFERTEXTSURFERT                               ▀▀▀                   │
│     URFERTEXTSURFERTEXTSUR                     ▀▀▀▀▀▀▀▀▀▀▀                   │
│    ERTEXTS          URFERTEX     ▀▀ ▀▀         ▀▀▀▀▀▀▀▀▀▀▀                   │
│    XTSUR        URFERTEXTSUR   ▀    ▀ ▀▀        ▀▀ ▀ ▀ ▀▀         ▀          │
│    RFERT         TEXTSURFER▀ ▀▀▀▀▀    ▀▀▀▀          ▀▀      ▀  ▀   ▀         │
│    TEXTSURF▀▀▀▀▀▀▀▀▀▀▀▀▀▀▀▀▀▀▀ ▀▀     ▀▀ ▀▀▀▀▀   ▀▀▀▀▀▀▀▀▀▀▀▀▀▀ ▀▀▀▀▀▀▀▀     │
│      RFERTEXTSURFERTEXTSURF▀     ▀                     ▀▀▀▀   ▀     ▀ ▀      │
│          SURFERTEXTSURFERTEX    ▀  ▀   ▀     ▀     ▀▀▀ ▀ ▀ ▀ ▀   ▀ ▀ ▀▀      │
│    ▀▀▀▀▀▀▀ ▀▀▀▀            ▀▀▀▀▀▀▀▀▀▀▀▀▀▀▀▀▀▀▀   ▀▀▀▀ ▀ ▀ ▀ ▀▀▀▀  ▀ ▀▀ ▀     │
│    ▀▀   ▀   ▀▀   ▀   ▀▀       ▀▀  ▀    ▀▀  ▀    ▀▀▀▀ ▀▀▀▀▀ ▀ ▀▀ ▀▀ ▀▀ ▀      │
│                                              ▀▀▀▀ ▀ ▀ ▀▀ ▀▀ ▀▀ ▀  ▀▀▀▀ ▀     │
