---
source: src/ui/widgets/content.rs
assertion_line: 190
expression: "crate::ui::test_util::styled_buffer_string(buffer)"
---
│[Rgb(85, 255, 255)/Reset]l[Rgb(255, 255, 0)/Rgb(0, 0, 170)/u]i[Rgb(255, 255, 0)/Rgb(0, 0, 170)/u]n[Rgb(255, 255, 0)/Rgb(0, 0, 170)/u]k[Rgb(255, 255, 0)/Rgb(0, 0, 170)/u] [Reset/Reset]l[Rgb(255, 255, 85)/Rgb(0, 128, 0)/b]o[Rgb(255, 255, 85)/Rgb(0, 128, 0)/b]u[Rgb(255, 255, 85)/Rgb(0, 128, 0)/b]d[Rgb(255, 255, 85)/Rgb(0, 128, 0)/b] [Reset/Reset]│[Rgb(85, 255, 255)/Reset]
