---
source: src/vga/tests/surface.rs
expression: dump
---
................
................
................
................
....######......
....######......
..####..####....
..####..####....
####......####..
####......####..
####......####..
####......####..
####......####..
####......####..
##############..
##############..
####......####..
####......####..
####......####..
####......####..
####......####..
####......####..
####......####..
####......####..
................
................
................
................
................
................
................
................
