---
source: src/vga/tests/backend.rs
expression: dump
---
...##...........................................................................................................................................
...##...........................................................................................................................................
...##...........................................................................................................................................
...##...........................................................................................................................................
...##...........................................................................................................................................
...##......................##...................................................................................................................
...##......................##...................................................................................................................
...##......#####.........######.........#####...................................................................................................
...##......##..............##..............##...................................................................................................
...##......##..............##..............##...................................................................................................
...##......##..............................##...................................................................................................
...##......##..............................##...................................................................................................
...##......##..............................##...................................................................................................
...##......##..............................##...................................................................................................
...##......##..............................##...................................................................................................
...##......##..............................##...................................................................................................
...##...........................................................................................................................................
...##...........................................................................................................................................
...##...........................................................................................................................................
...##...........................................................................................................................................
...##...........................................................................................................................................
...##...........................................................................................................................................
...##...........................................................................................................................................
...#############################################################################################################################################
...##...........................................................................................................................................
...##...........................................................................................................................................
...##...........................................................................................................................................
...##...........................................................................................................................................
...##...........................................................................................................................................
...##...........................................................................................................................................
...##...........................................................................................................................................
...##...........................................................................................................................................
...##...........................................................................................................................................
...##...........................................................................................................................................
...##...........................................................................................................................................
...##...........................................................................................................................................
...##...........................................................................................................................................
...##...........................................................................................................................................
...##...........................................................................................................................................
...##..............##################################..............##################################..............#############################
...##..............##..............................##..............##..............................##..............##...........................
...##..............##..............................##..............##..............................##..............##...........................
...##..............##..............................##..............##..............................##..............##...........................
...##..............##..............................##..............##..............................##..............##...........................
...##..............##..............................##..............##..............................##..............##...........................
...##..............##..............................##..............##..............................##..............##...........................
...##..............##..............................##..............##..............................##..............##...........................
...##..............##..............................##..............##..............................##..............##...........................
