---
source: tests/render_atlas.rs
expression: "structure(&page, cols)"
---
width=40 rows=118 parse_errors=0 css_warnings=0 limits=LayoutLimits { truncated_depth: false, engine_failed: false }
case ua-flow rows=0..19
case inline-state rows=19..23
case lists rows=23..37
case tables rows=37..54
case controls rows=54..59
case search-flex rows=59..60
case box-layout rows=60..74
case flex-grid rows=74..85
case images rows=85..107
case presentational rows=107..118
link href=/atlas-link rects=[LayoutRect { col: 0, row: 20, width: 4, height: 1 }] paint=106
link href=/image-link rects=[LayoutRect { col: 0, row: 86, width: 15, height: 2 }] paint=150
hits=178
image asset=ImageAssetId(1) rect=LayoutRect { col: 0, row: 86, width: 15, height: 2 } clip=LayoutRect { col: 0, row: 86, width: 15, height: 2 } depth=5
image asset=ImageAssetId(1) rect=LayoutRect { col: 1, row: 90, width: 8, height: 4 } clip=LayoutRect { col: 1, row: 90, width: 8, height: 4 } depth=3
image asset=ImageAssetId(1) rect=LayoutRect { col: 1, row: 95, width: 4, height: 2 } clip=LayoutRect { col: 1, row: 95, width: 4, height: 2 } depth=9
image asset=ImageAssetId(1) rect=LayoutRect { col: 1, row: 99, width: 4, height: 2 } clip=LayoutRect { col: 1, row: 99, width: 4, height: 2 } depth=4
image asset=ImageAssetId(1) rect=LayoutRect { col: 1, row: 103, width: 4, height: 2 } clip=LayoutRect { col: 1, row: 103, width: 4, height: 2 } depth=4
