---
source: tests/render_atlas.rs
expression: "structure(&page, cols)"
---
width=40 rows=152 parse_errors=0 css_warnings=0 limits=LayoutLimits { truncated_depth: false, engine_failed: false }
case ua-flow rows=0..19
case inline-state rows=19..23
case lists rows=23..35
case tables rows=35..64
case controls rows=64..69
case search-flex rows=69..70
case box-layout rows=70..84
case flex-grid rows=84..95
case floats rows=95..118
case images rows=118..142
case presentational rows=142..152
link href=/atlas-link rects=[LayoutRect { col: 0, row: 20, width: 4, height: 1 }] paint=139
link href=/image-link rects=[LayoutRect { col: 11, row: 119, width: 4, height: 2 }] paint=195
hits=250
image asset=ImageAssetId(1) rect=LayoutRect { col: 17, row: 102, width: 4, height: 2 } clip=LayoutRect { col: 17, row: 102, width: 4, height: 2 } depth=4
image asset=ImageAssetId(1) rect=LayoutRect { col: 19, row: 109, width: 8, height: 2 } clip=LayoutRect { col: 19, row: 109, width: 8, height: 2 } depth=9
image asset=ImageAssetId(1) rect=LayoutRect { col: 11, row: 119, width: 4, height: 2 } clip=LayoutRect { col: 11, row: 119, width: 4, height: 2 } depth=5
image asset=ImageAssetId(1) rect=LayoutRect { col: 1, row: 123, width: 8, height: 4 } clip=LayoutRect { col: 1, row: 123, width: 8, height: 4 } depth=3
image asset=ImageAssetId(1) rect=LayoutRect { col: 1, row: 128, width: 4, height: 2 } clip=LayoutRect { col: 1, row: 128, width: 4, height: 2 } depth=9
image asset=ImageAssetId(1) rect=LayoutRect { col: 1, row: 132, width: 4, height: 2 } clip=LayoutRect { col: 1, row: 132, width: 4, height: 2 } depth=4
image asset=ImageAssetId(1) rect=LayoutRect { col: 1, row: 136, width: 4, height: 2 } clip=LayoutRect { col: 1, row: 136, width: 4, height: 2 } depth=4
image asset=ImageAssetId(1) rect=LayoutRect { col: 1, row: 139, width: 2, height: 1 } clip=LayoutRect { col: 1, row: 139, width: 2, height: 1 } depth=9
image asset=ImageAssetId(1) rect=LayoutRect { col: 9, row: 139, width: 2, height: 1 } clip=LayoutRect { col: 9, row: 139, width: 2, height: 1 } depth=9
image asset=ImageAssetId(1) rect=LayoutRect { col: 23, row: 139, width: 2, height: 1 } clip=LayoutRect { col: 23, row: 139, width: 2, height: 1 } depth=9
image asset=ImageAssetId(1) rect=LayoutRect { col: 14, row: 140, width: 2, height: 1 } clip=LayoutRect { col: 14, row: 140, width: 2, height: 1 } depth=9
