---
source: tests/render_atlas.rs
expression: "styled_panel(&page.painted, cols, start, end)"
---
│ATLAS:tables                                                                                                                                                    │
  0..1 fg=Rgb(32, 56, 100) bg=Reset mod=NONE
  1..13 fg=Rgb(255, 255, 0) bg=Rgb(0, 0, 64) mod=BOLD
  13..161 fg=Rgb(16, 16, 16) bg=Rgb(0, 0, 64) mod=NONE
  161..162 fg=Rgb(32, 56, 100) bg=Reset mod=NONE
│    Table caption                                                                                                                                               │
  0..1 fg=Rgb(32, 56, 100) bg=Reset mod=NONE
  1..5 fg=Rgb(16, 16, 16) bg=Rgb(0, 0, 128) mod=NONE
  5..18 fg=Rgb(224, 224, 224) bg=Rgb(0, 0, 128) mod=NONE
  18..161 fg=Rgb(16, 16, 16) bg=Rgb(0, 0, 128) mod=NONE
  161..162 fg=Rgb(32, 56, 100) bg=Reset mod=NONE
│┌─────────┬────────┐                                                                                                                                            │
  0..1 fg=Rgb(32, 56, 100) bg=Reset mod=NONE
  1..21 fg=Rgb(128, 128, 128) bg=Rgb(0, 0, 128) mod=BOLD
  21..161 fg=Rgb(16, 16, 16) bg=Rgb(0, 0, 128) mod=NONE
  161..162 fg=Rgb(32, 56, 100) bg=Reset mod=NONE
││  Head A │ Head B │                                                                                                                                            │
  0..1 fg=Rgb(32, 56, 100) bg=Reset mod=NONE
  1..2 fg=Rgb(128, 128, 128) bg=Rgb(0, 0, 128) mod=BOLD
  2..4 fg=Rgb(16, 16, 16) bg=Rgb(0, 0, 128) mod=NONE
  4..10 fg=Rgb(224, 224, 224) bg=Rgb(0, 0, 128) mod=BOLD
  10..11 fg=Rgb(16, 16, 16) bg=Rgb(0, 0, 128) mod=NONE
  11..12 fg=Rgb(128, 128, 128) bg=Rgb(0, 0, 128) mod=BOLD
  12..13 fg=Rgb(16, 16, 16) bg=Rgb(0, 0, 128) mod=NONE
  13..19 fg=Rgb(224, 224, 224) bg=Rgb(0, 0, 128) mod=BOLD
  19..20 fg=Rgb(16, 16, 16) bg=Rgb(0, 0, 128) mod=NONE
  20..21 fg=Rgb(128, 128, 128) bg=Rgb(0, 0, 128) mod=BOLD
  21..161 fg=Rgb(16, 16, 16) bg=Rgb(0, 0, 128) mod=NONE
  161..162 fg=Rgb(32, 56, 100) bg=Reset mod=NONE
│├─────────┼────────┤                                                                                                                                            │
  0..1 fg=Rgb(32, 56, 100) bg=Reset mod=NONE
  1..21 fg=Rgb(128, 128, 128) bg=Rgb(0, 0, 128) mod=BOLD
  21..161 fg=Rgb(16, 16, 16) bg=Rgb(0, 0, 128) mod=NONE
  161..162 fg=Rgb(32, 56, 100) bg=Reset mod=NONE
││         │cell    │                                                                                                                                            │
  0..1 fg=Rgb(32, 56, 100) bg=Reset mod=NONE
  1..2 fg=Rgb(128, 128, 128) bg=Rgb(0, 0, 128) mod=NONE
  2..11 fg=Rgb(16, 16, 16) bg=Rgb(0, 0, 128) mod=NONE
  11..12 fg=Rgb(128, 128, 128) bg=Rgb(0, 0, 128) mod=NONE
  12..16 fg=Rgb(224, 224, 224) bg=Rgb(0, 0, 128) mod=NONE
  16..20 fg=Rgb(16, 16, 16) bg=Rgb(0, 0, 128) mod=NONE
  20..21 fg=Rgb(128, 128, 128) bg=Rgb(0, 0, 128) mod=NONE
  21..161 fg=Rgb(16, 16, 16) bg=Rgb(0, 0, 128) mod=NONE
  161..162 fg=Rgb(32, 56, 100) bg=Reset mod=NONE
││rowspan  ├────────┤                                                                                                                                            │
  0..1 fg=Rgb(32, 56, 100) bg=Reset mod=NONE
  1..2 fg=Rgb(128, 128, 128) bg=Rgb(0, 0, 128) mod=NONE
  2..9 fg=Rgb(224, 224, 224) bg=Rgb(0, 0, 128) mod=NONE
  9..11 fg=Rgb(16, 16, 16) bg=Rgb(0, 0, 128) mod=NONE
  11..21 fg=Rgb(128, 128, 128) bg=Rgb(0, 0, 128) mod=NONE
  21..161 fg=Rgb(16, 16, 16) bg=Rgb(0, 0, 128) mod=NONE
  161..162 fg=Rgb(32, 56, 100) bg=Reset mod=NONE
││         │nested  │                                                                                                                                            │
  0..1 fg=Rgb(32, 56, 100) bg=Reset mod=NONE
  1..2 fg=Rgb(128, 128, 128) bg=Rgb(0, 0, 128) mod=NONE
  2..11 fg=Rgb(16, 16, 16) bg=Rgb(0, 0, 128) mod=NONE
  11..12 fg=Rgb(128, 128, 128) bg=Rgb(0, 0, 128) mod=NONE
  12..18 fg=Rgb(224, 224, 224) bg=Rgb(0, 0, 128) mod=NONE
  18..20 fg=Rgb(16, 16, 16) bg=Rgb(0, 0, 128) mod=NONE
  20..21 fg=Rgb(128, 128, 128) bg=Rgb(0, 0, 128) mod=NONE
  21..161 fg=Rgb(16, 16, 16) bg=Rgb(0, 0, 128) mod=NONE
  161..162 fg=Rgb(32, 56, 100) bg=Reset mod=NONE
│├─────────┴────────┤                                                                                                                                            │
  0..1 fg=Rgb(32, 56, 100) bg=Reset mod=NONE
  1..21 fg=Rgb(128, 128, 128) bg=Rgb(0, 0, 128) mod=NONE
  21..161 fg=Rgb(16, 16, 16) bg=Rgb(0, 0, 128) mod=NONE
  161..162 fg=Rgb(32, 56, 100) bg=Reset mod=NONE
││colspan           │                                                                                                                                            │
  0..1 fg=Rgb(32, 56, 100) bg=Reset mod=NONE
  1..2 fg=Rgb(128, 128, 128) bg=Rgb(0, 0, 128) mod=NONE
  2..9 fg=Rgb(224, 224, 224) bg=Rgb(0, 0, 128) mod=NONE
  9..20 fg=Rgb(16, 16, 16) bg=Rgb(0, 0, 128) mod=NONE
  20..21 fg=Rgb(128, 128, 128) bg=Rgb(0, 0, 128) mod=NONE
  21..161 fg=Rgb(16, 16, 16) bg=Rgb(0, 0, 128) mod=NONE
  161..162 fg=Rgb(32, 56, 100) bg=Reset mod=NONE
│├─────────┬────────┤                                                                                                                                            │
  0..1 fg=Rgb(32, 56, 100) bg=Reset mod=NONE
  1..21 fg=Rgb(128, 128, 128) bg=Rgb(0, 0, 128) mod=NONE
  21..161 fg=Rgb(16, 16, 16) bg=Rgb(0, 0, 128) mod=NONE
  161..162 fg=Rgb(32, 56, 100) bg=Reset mod=NONE
││foot     │end     │                                                                                                                                            │
  0..1 fg=Rgb(32, 56, 100) bg=Reset mod=NONE
  1..2 fg=Rgb(128, 128, 128) bg=Rgb(0, 0, 128) mod=NONE
  2..6 fg=Rgb(224, 224, 224) bg=Rgb(0, 0, 128) mod=NONE
  6..11 fg=Rgb(16, 16, 16) bg=Rgb(0, 0, 128) mod=NONE
  11..12 fg=Rgb(128, 128, 128) bg=Rgb(0, 0, 128) mod=NONE
  12..15 fg=Rgb(224, 224, 224) bg=Rgb(0, 0, 128) mod=NONE
  15..20 fg=Rgb(16, 16, 16) bg=Rgb(0, 0, 128) mod=NONE
  20..21 fg=Rgb(128, 128, 128) bg=Rgb(0, 0, 128) mod=NONE
  21..161 fg=Rgb(16, 16, 16) bg=Rgb(0, 0, 128) mod=NONE
  161..162 fg=Rgb(32, 56, 100) bg=Reset mod=NONE
│└─────────┴────────┘                                                                                                                                            │
  0..1 fg=Rgb(32, 56, 100) bg=Reset mod=NONE
  1..21 fg=Rgb(128, 128, 128) bg=Rgb(0, 0, 128) mod=NONE
  21..161 fg=Rgb(16, 16, 16) bg=Rgb(0, 0, 128) mod=NONE
  161..162 fg=Rgb(32, 56, 100) bg=Reset mod=NONE
│                                                                                                                                                                │
  0..1 fg=Rgb(32, 56, 100) bg=Reset mod=NONE
  1..161 fg=Rgb(16, 16, 16) bg=Rgb(0, 0, 128) mod=NONE
  161..162 fg=Rgb(32, 56, 100) bg=Reset mod=NONE
│                                                                                                                                                                │
  0..1 fg=Rgb(32, 56, 100) bg=Reset mod=NONE
  1..161 fg=Rgb(16, 16, 16) bg=Rgb(0, 0, 128) mod=NONE
  161..162 fg=Rgb(32, 56, 100) bg=Reset mod=NONE
│                                                                                                                                                                │
  0..1 fg=Rgb(32, 56, 100) bg=Reset mod=NONE
  1..161 fg=Rgb(16, 16, 16) bg=Rgb(0, 0, 128) mod=NONE
  161..162 fg=Rgb(32, 56, 100) bg=Reset mod=NONE
│                                                                                                                                                                │
  0..1 fg=Rgb(32, 56, 100) bg=Reset mod=NONE
  1..161 fg=Rgb(16, 16, 16) bg=Rgb(0, 0, 128) mod=NONE
  161..162 fg=Rgb(32, 56, 100) bg=Reset mod=NONE
