---
source: tests/render_goldens.rs
expression: "golden(\"table_nested.html\")"
---
             Outer caption
┌────────────────────────────────────┐
│ ┌───────┐ ┌──────────────────────┐ │
│ │       │ │                      │ │
│ │       │ │ ┌──────────────────┐ │ │
│ │       │ │ │ ┌──────────────┐ │ │ │
│ │       │ │ │ │              │ │ │ │
│ │ Left  │ │ │ │ Nested block │ │ │ │
│ │       │ │ │ │              │ │ │ │
│ │       │ │ │ └──────────────┘ │ │ │
│ │       │ │ └──────────────────┘ │ │
│ │       │ │                      │ │
│ └───────┘ └──────────────────────┘ │
│ ┌────────────────────────────────┐ │
│ │                                │ │
│ │ Before ┌──────────────┐ after  │ │
│ │        │Inline table  │        │ │
│ │        └──────────────┘        │ │
│ │                                │ │
│ └────────────────────────────────┘ │
└────────────────────────────────────┘
            Bottom caption



Standalone ┌──────┐ aligned
           │atom  │
           └──────┘
