---
source: tests/render_atlas.rs
expression: "styled_panel(&page.painted, cols, start, end)"
---
│ATLAS:presentational                                                                                │
  0..1 fg=Rgb(32, 56, 100) bg=Reset mod=NONE
  1..21 fg=Rgb(255, 255, 0) bg=Rgb(0, 0, 64) mod=BOLD
  21..101 fg=Rgb(16, 16, 16) bg=Rgb(0, 0, 64) mod=NONE
  101..102 fg=Rgb(32, 56, 100) bg=Reset mod=NONE
│                                               center                                               │
  0..1 fg=Rgb(32, 56, 100) bg=Reset mod=NONE
  1..48 fg=Rgb(16, 16, 16) bg=Rgb(0, 0, 128) mod=NONE
  48..54 fg=Rgb(224, 224, 224) bg=Rgb(0, 0, 128) mod=NONE
  54..101 fg=Rgb(16, 16, 16) bg=Rgb(0, 0, 128) mod=NONE
  101..102 fg=Rgb(32, 56, 100) bg=Reset mod=NONE
│                                            legacy colour                                           │
  0..1 fg=Rgb(32, 56, 100) bg=Reset mod=NONE
  1..45 fg=Rgb(16, 16, 16) bg=Rgb(0, 0, 128) mod=NONE
  45..58 fg=Rgb(0, 255, 0) bg=Rgb(0, 0, 128) mod=NONE
  58..101 fg=Rgb(16, 16, 16) bg=Rgb(0, 0, 128) mod=NONE
  101..102 fg=Rgb(32, 56, 100) bg=Reset mod=NONE
│                   ┌────────────────────────────────────┐                                           │
  0..1 fg=Rgb(32, 56, 100) bg=Reset mod=NONE
  1..20 fg=Rgb(16, 16, 16) bg=Rgb(0, 0, 128) mod=NONE
  20..58 fg=Rgb(102, 102, 102) bg=Rgb(64, 0, 0) mod=NONE
  58..101 fg=Rgb(16, 16, 16) bg=Rgb(0, 0, 128) mod=NONE
  101..102 fg=Rgb(32, 56, 100) bg=Reset mod=NONE
│                   │                         legacy cell│                                           │
  0..1 fg=Rgb(32, 56, 100) bg=Reset mod=NONE
  1..20 fg=Rgb(16, 16, 16) bg=Rgb(0, 0, 128) mod=NONE
  20..21 fg=Rgb(102, 102, 102) bg=Rgb(64, 0, 0) mod=NONE
  21..46 fg=Rgb(16, 16, 16) bg=Rgb(0, 64, 0) mod=NONE
  46..57 fg=Rgb(224, 224, 224) bg=Rgb(0, 64, 0) mod=NONE
  57..58 fg=Rgb(102, 102, 102) bg=Rgb(64, 0, 0) mod=NONE
  58..101 fg=Rgb(16, 16, 16) bg=Rgb(0, 0, 128) mod=NONE
  101..102 fg=Rgb(32, 56, 100) bg=Reset mod=NONE
│                   └────────────────────────────────────┘                                           │
  0..1 fg=Rgb(32, 56, 100) bg=Reset mod=NONE
  1..20 fg=Rgb(16, 16, 16) bg=Rgb(0, 0, 128) mod=NONE
  20..58 fg=Rgb(102, 102, 102) bg=Rgb(64, 0, 0) mod=NONE
  58..101 fg=Rgb(16, 16, 16) bg=Rgb(0, 0, 128) mod=NONE
  101..102 fg=Rgb(32, 56, 100) bg=Reset mod=NONE
│                               bottom caption                                                       │
  0..1 fg=Rgb(32, 56, 100) bg=Reset mod=NONE
  1..32 fg=Rgb(16, 16, 16) bg=Rgb(0, 0, 128) mod=NONE
  32..46 fg=Rgb(224, 224, 224) bg=Rgb(0, 0, 128) mod=NONE
  46..101 fg=Rgb(16, 16, 16) bg=Rgb(0, 0, 128) mod=NONE
  101..102 fg=Rgb(32, 56, 100) bg=Reset mod=NONE
│                                                                                                    │
  0..1 fg=Rgb(32, 56, 100) bg=Reset mod=NONE
  1..101 fg=Rgb(16, 16, 16) bg=Rgb(0, 0, 128) mod=NONE
  101..102 fg=Rgb(32, 56, 100) bg=Reset mod=NONE
│                                                                                                    │
  0..1 fg=Rgb(32, 56, 100) bg=Reset mod=NONE
  1..101 fg=Rgb(16, 16, 16) bg=Rgb(0, 0, 128) mod=NONE
  101..102 fg=Rgb(32, 56, 100) bg=Reset mod=NONE
│                                                                                                    │
  0..1 fg=Rgb(32, 56, 100) bg=Reset mod=NONE
  1..101 fg=Reset bg=Reset mod=NONE
  101..102 fg=Rgb(32, 56, 100) bg=Reset mod=NONE
