---
source: tests/render_atlas.rs
expression: "styled_panel(&page.painted, cols, start, end)"
---
│ATLAS:search-flex                       │
  0..1 fg=Rgb(32, 56, 100) bg=Reset mod=NONE
  1..18 fg=Rgb(255, 255, 0) bg=Rgb(0, 0, 64) mod=BOLD
  18..41 fg=Rgb(16, 16, 16) bg=Rgb(0, 0, 64) mod=NONE
  41..42 fg=Rgb(32, 56, 100) bg=Reset mod=NONE
