---
source: tests/render_atlas.rs
expression: "structure(&page, cols)"
---
width=100 rows=127 parse_errors=0 css_warnings=0 limits=LayoutLimits { truncated_depth: false, engine_failed: false }
case ua-flow rows=0..19
case inline-state rows=19..22
case lists rows=22..36
case tables rows=36..56
case controls rows=56..61
case search-flex rows=61..62
case box-layout rows=62..76
case flex-grid rows=76..87
case floats rows=87..94
case images rows=94..116
case presentational rows=116..127
link href=/atlas-link rects=[LayoutRect { col: 0, row: 20, width: 4, height: 1 }] paint=123
link href=/image-link rects=[LayoutRect { col: 11, row: 95, width: 4, height: 2 }] paint=173
hits=208
image asset=ImageAssetId(1) rect=LayoutRect { col: 11, row: 95, width: 4, height: 2 } clip=LayoutRect { col: 11, row: 95, width: 4, height: 2 } depth=5
image asset=ImageAssetId(1) rect=LayoutRect { col: 1, row: 99, width: 8, height: 4 } clip=LayoutRect { col: 1, row: 99, width: 8, height: 4 } depth=3
image asset=ImageAssetId(1) rect=LayoutRect { col: 1, row: 104, width: 4, height: 2 } clip=LayoutRect { col: 1, row: 104, width: 4, height: 2 } depth=9
image asset=ImageAssetId(1) rect=LayoutRect { col: 1, row: 108, width: 4, height: 2 } clip=LayoutRect { col: 1, row: 108, width: 4, height: 2 } depth=4
image asset=ImageAssetId(1) rect=LayoutRect { col: 1, row: 112, width: 4, height: 2 } clip=LayoutRect { col: 1, row: 112, width: 4, height: 2 } depth=4
