---
source: tests/render_atlas.rs
expression: "styled_panel(&page.painted, cols, start, end)"
---
│ATLAS:tables                                                                                                                                                    │
  0..1 fg=Rgb(32, 56, 100) bg=Reset mod=NONE
  1..13 fg=Rgb(255, 255, 0) bg=Rgb(0, 0, 64) mod=BOLD
  13..161 fg=Rgb(16, 16, 16) bg=Rgb(0, 0, 64) mod=NONE
  161..162 fg=Rgb(32, 56, 100) bg=Reset mod=NONE
│                           Table caption                                                                                                                        │
  0..1 fg=Rgb(32, 56, 100) bg=Reset mod=NONE
  1..28 fg=Rgb(16, 16, 16) bg=Rgb(0, 0, 128) mod=NONE
  28..41 fg=Rgb(224, 224, 224) bg=Rgb(0, 0, 128) mod=NONE
  41..161 fg=Rgb(16, 16, 16) bg=Rgb(0, 0, 128) mod=NONE
  161..162 fg=Rgb(32, 56, 100) bg=Reset mod=NONE
│┌────────────────────────────────┬───────────────────────────────┐                                                                                              │
  0..1 fg=Rgb(32, 56, 100) bg=Reset mod=NONE
  1..67 fg=Rgb(128, 128, 128) bg=Rgb(0, 0, 128) mod=BOLD
  67..161 fg=Rgb(16, 16, 16) bg=Rgb(0, 0, 128) mod=NONE
  161..162 fg=Rgb(32, 56, 100) bg=Reset mod=NONE
││             Head A             │             Head B            │                                                                                              │
  0..1 fg=Rgb(32, 56, 100) bg=Reset mod=NONE
  1..2 fg=Rgb(128, 128, 128) bg=Rgb(0, 0, 128) mod=BOLD
  2..15 fg=Rgb(16, 16, 16) bg=Rgb(0, 0, 128) mod=NONE
  15..21 fg=Rgb(224, 224, 224) bg=Rgb(0, 0, 128) mod=BOLD
  21..34 fg=Rgb(16, 16, 16) bg=Rgb(0, 0, 128) mod=NONE
  34..35 fg=Rgb(128, 128, 128) bg=Rgb(0, 0, 128) mod=BOLD
  35..48 fg=Rgb(16, 16, 16) bg=Rgb(0, 0, 128) mod=NONE
  48..54 fg=Rgb(224, 224, 224) bg=Rgb(0, 0, 128) mod=BOLD
  54..66 fg=Rgb(16, 16, 16) bg=Rgb(0, 0, 128) mod=NONE
  66..67 fg=Rgb(128, 128, 128) bg=Rgb(0, 0, 128) mod=BOLD
  67..161 fg=Rgb(16, 16, 16) bg=Rgb(0, 0, 128) mod=NONE
  161..162 fg=Rgb(32, 56, 100) bg=Reset mod=NONE
│├────────────────────────────────┼───────────────────────────────┤                                                                                              │
  0..1 fg=Rgb(32, 56, 100) bg=Reset mod=NONE
  1..67 fg=Rgb(128, 128, 128) bg=Rgb(0, 0, 128) mod=BOLD
  67..161 fg=Rgb(16, 16, 16) bg=Rgb(0, 0, 128) mod=NONE
  161..162 fg=Rgb(32, 56, 100) bg=Reset mod=NONE
││                                │cell                           │                                                                                              │
  0..1 fg=Rgb(32, 56, 100) bg=Reset mod=NONE
  1..2 fg=Rgb(128, 128, 128) bg=Rgb(0, 0, 128) mod=NONE
  2..34 fg=Rgb(16, 16, 16) bg=Rgb(0, 0, 128) mod=NONE
  34..35 fg=Rgb(128, 128, 128) bg=Rgb(0, 0, 128) mod=NONE
  35..39 fg=Rgb(224, 224, 224) bg=Rgb(0, 0, 128) mod=NONE
  39..66 fg=Rgb(16, 16, 16) bg=Rgb(0, 0, 128) mod=NONE
  66..67 fg=Rgb(128, 128, 128) bg=Rgb(0, 0, 128) mod=NONE
  67..161 fg=Rgb(16, 16, 16) bg=Rgb(0, 0, 128) mod=NONE
  161..162 fg=Rgb(32, 56, 100) bg=Reset mod=NONE
││rowspan                         ├───────────────────────────────┤                                                                                              │
  0..1 fg=Rgb(32, 56, 100) bg=Reset mod=NONE
  1..2 fg=Rgb(128, 128, 128) bg=Rgb(0, 0, 128) mod=NONE
  2..9 fg=Rgb(224, 224, 224) bg=Rgb(0, 0, 128) mod=NONE
  9..34 fg=Rgb(16, 16, 16) bg=Rgb(0, 0, 128) mod=NONE
  34..67 fg=Rgb(128, 128, 128) bg=Rgb(0, 0, 128) mod=NONE
  67..161 fg=Rgb(16, 16, 16) bg=Rgb(0, 0, 128) mod=NONE
  161..162 fg=Rgb(32, 56, 100) bg=Reset mod=NONE
││                                │nested                         │                                                                                              │
  0..1 fg=Rgb(32, 56, 100) bg=Reset mod=NONE
  1..2 fg=Rgb(128, 128, 128) bg=Rgb(0, 0, 128) mod=NONE
  2..34 fg=Rgb(16, 16, 16) bg=Rgb(0, 0, 128) mod=NONE
  34..35 fg=Rgb(128, 128, 128) bg=Rgb(0, 0, 128) mod=NONE
  35..41 fg=Rgb(224, 224, 224) bg=Rgb(0, 0, 128) mod=NONE
  41..66 fg=Rgb(16, 16, 16) bg=Rgb(0, 0, 128) mod=NONE
  66..67 fg=Rgb(128, 128, 128) bg=Rgb(0, 0, 128) mod=NONE
  67..161 fg=Rgb(16, 16, 16) bg=Rgb(0, 0, 128) mod=NONE
  161..162 fg=Rgb(32, 56, 100) bg=Reset mod=NONE
│├────────────────────────────────┴───────────────────────────────┤                                                                                              │
  0..1 fg=Rgb(32, 56, 100) bg=Reset mod=NONE
  1..67 fg=Rgb(128, 128, 128) bg=Rgb(0, 0, 128) mod=NONE
  67..161 fg=Rgb(16, 16, 16) bg=Rgb(0, 0, 128) mod=NONE
  161..162 fg=Rgb(32, 56, 100) bg=Reset mod=NONE
││colspan                                                         │                                                                                              │
  0..1 fg=Rgb(32, 56, 100) bg=Reset mod=NONE
  1..2 fg=Rgb(128, 128, 128) bg=Rgb(0, 0, 128) mod=NONE
  2..9 fg=Rgb(224, 224, 224) bg=Rgb(0, 0, 128) mod=NONE
  9..66 fg=Rgb(16, 16, 16) bg=Rgb(0, 0, 128) mod=NONE
  66..67 fg=Rgb(128, 128, 128) bg=Rgb(0, 0, 128) mod=NONE
  67..161 fg=Rgb(16, 16, 16) bg=Rgb(0, 0, 128) mod=NONE
  161..162 fg=Rgb(32, 56, 100) bg=Reset mod=NONE
│├────────────────────────────────────────────────────────────────┤                                                                                              │
  0..1 fg=Rgb(32, 56, 100) bg=Reset mod=NONE
  1..67 fg=Rgb(128, 128, 128) bg=Rgb(0, 0, 128) mod=NONE
  67..161 fg=Rgb(16, 16, 16) bg=Rgb(0, 0, 128) mod=NONE
  161..162 fg=Rgb(32, 56, 100) bg=Reset mod=NONE
││        ALPHAONE          BETATWO         GAMMATHREE            │                                                                                              │
  0..1 fg=Rgb(32, 56, 100) bg=Reset mod=NONE
  1..2 fg=Rgb(128, 128, 128) bg=Rgb(0, 0, 128) mod=NONE
  2..10 fg=Rgb(16, 16, 16) bg=Rgb(0, 0, 128) mod=NONE
  10..18 fg=Rgb(224, 224, 224) bg=Rgb(0, 0, 128) mod=NONE
  18..28 fg=Rgb(16, 16, 16) bg=Rgb(0, 0, 128) mod=NONE
  28..35 fg=Rgb(224, 224, 224) bg=Rgb(0, 0, 128) mod=NONE
  35..44 fg=Rgb(16, 16, 16) bg=Rgb(0, 0, 128) mod=NONE
  44..54 fg=Rgb(224, 224, 224) bg=Rgb(0, 0, 128) mod=NONE
  54..66 fg=Rgb(16, 16, 16) bg=Rgb(0, 0, 128) mod=NONE
  66..67 fg=Rgb(128, 128, 128) bg=Rgb(0, 0, 128) mod=NONE
  67..161 fg=Rgb(16, 16, 16) bg=Rgb(0, 0, 128) mod=NONE
  161..162 fg=Rgb(32, 56, 100) bg=Reset mod=NONE
││MODEMARKWRAPMARK ALSAMARK DRIMARK EVDEVMARK KLIBCMARK LVMMARK   │                                                                                              │
  0..1 fg=Rgb(32, 56, 100) bg=Reset mod=NONE
  1..2 fg=Rgb(128, 128, 128) bg=Rgb(0, 0, 128) mod=NONE
  2..10 fg=Rgb(224, 224, 224) bg=Rgb(0, 0, 128) mod=BOLD
  10..63 fg=Rgb(224, 224, 224) bg=Rgb(0, 0, 128) mod=NONE
  63..66 fg=Rgb(16, 16, 16) bg=Rgb(0, 0, 128) mod=NONE
  66..67 fg=Rgb(128, 128, 128) bg=Rgb(0, 0, 128) mod=NONE
  67..161 fg=Rgb(16, 16, 16) bg=Rgb(0, 0, 128) mod=NONE
  161..162 fg=Rgb(32, 56, 100) bg=Reset mod=NONE
│├────────────────────────────────┬───────────────────────────────┤                                                                                              │
  0..1 fg=Rgb(32, 56, 100) bg=Reset mod=NONE
  1..67 fg=Rgb(128, 128, 128) bg=Rgb(0, 0, 128) mod=NONE
  67..161 fg=Rgb(16, 16, 16) bg=Rgb(0, 0, 128) mod=NONE
  161..162 fg=Rgb(32, 56, 100) bg=Reset mod=NONE
││foot                            │end                            │                                                                                              │
  0..1 fg=Rgb(32, 56, 100) bg=Reset mod=NONE
  1..2 fg=Rgb(128, 128, 128) bg=Rgb(0, 0, 128) mod=NONE
  2..6 fg=Rgb(224, 224, 224) bg=Rgb(0, 0, 128) mod=NONE
  6..34 fg=Rgb(16, 16, 16) bg=Rgb(0, 0, 128) mod=NONE
  34..35 fg=Rgb(128, 128, 128) bg=Rgb(0, 0, 128) mod=NONE
  35..38 fg=Rgb(224, 224, 224) bg=Rgb(0, 0, 128) mod=NONE
  38..66 fg=Rgb(16, 16, 16) bg=Rgb(0, 0, 128) mod=NONE
  66..67 fg=Rgb(128, 128, 128) bg=Rgb(0, 0, 128) mod=NONE
  67..161 fg=Rgb(16, 16, 16) bg=Rgb(0, 0, 128) mod=NONE
  161..162 fg=Rgb(32, 56, 100) bg=Reset mod=NONE
│└────────────────────────────────┴───────────────────────────────┘                                                                                              │
  0..1 fg=Rgb(32, 56, 100) bg=Reset mod=NONE
  1..67 fg=Rgb(128, 128, 128) bg=Rgb(0, 0, 128) mod=NONE
  67..161 fg=Rgb(16, 16, 16) bg=Rgb(0, 0, 128) mod=NONE
  161..162 fg=Rgb(32, 56, 100) bg=Reset mod=NONE
│                                                                                                                                                                │
  0..1 fg=Rgb(32, 56, 100) bg=Reset mod=NONE
  1..161 fg=Rgb(16, 16, 16) bg=Rgb(0, 0, 128) mod=NONE
  161..162 fg=Rgb(32, 56, 100) bg=Reset mod=NONE
│                                                                                                                                                                │
  0..1 fg=Rgb(32, 56, 100) bg=Reset mod=NONE
  1..161 fg=Rgb(16, 16, 16) bg=Rgb(0, 0, 128) mod=NONE
  161..162 fg=Rgb(32, 56, 100) bg=Reset mod=NONE
│                                                                                                                                                                │
  0..1 fg=Rgb(32, 56, 100) bg=Reset mod=NONE
  1..161 fg=Rgb(16, 16, 16) bg=Rgb(0, 0, 128) mod=NONE
  161..162 fg=Rgb(32, 56, 100) bg=Reset mod=NONE
