---
source: tests/render_goldens.rs
expression: "golden(\"presentational.html\")"
---
                Centered                
                                   Right
                                        
Green                                   
                              ──────────
          ──────────┬─────────          
                    │                   
                    │  Tall             
            Head    │  Cell             
                    │                   
          ──────────┼─────────          
                    │                   
            A       │      B            
                    │                   
          ──────────┴─────────          
                 Caption
