---
source: tests/render_goldens.rs
expression: "golden(\"table_collapsed.html\")"
---
┌────────────────────┐
│                    │
│      Inventory     │
│                    │
├─────────┬──────────┤
│         │          │
│         │ Hammer   │
│         │          │
│ Tools   ├──────────┤
│         │          │
│         │ Saw      │
│         │          │
└─────────┴──────────┘
