---
source: src/ui/chrome.rs
expression: "snapshot(Size { cols: 60, rows: 10 })"
---
 File  Navigate  View  Help             TextSurf            
│┌ + ┐                                                     │
├──────────────────────────────────────────────────────────┤
│[‹] [›] [↻] [⌂]  URL: │https://example.com                │
├──────────────────────────────────────────────────────────┤
│hello                                                     │
│                                                          │
│                                                          │
│                                                          │
Ready                                   https://example.com
