---
source: src/ui/chrome.rs
expression: "render(&view, Size { cols: 60, rows: 10 })"
---
 File  Navigate  View  Help            TextSurfer           
│┌ + ┐                                                     │
├──────────────────────────────────────────────────────────┤
│[‹] [›] [↻] [⌂]  URL: │https://example.com                │
├──────────────────────────────────────────────────────────┤
│hello                                                     ▲
│               ┌─────────────────────────┐                █
│               │ saved screenshots/x.png │                █
│               └─────────────────────────┘                ▼
Ready                                   https://example.com
