---
source: src/ui/chrome.rs
expression: "crate::ui::test_util::buffer_string(terminal.backend().buffer())"
---
 File  Navigate  View  Help                      TextSurfer                     
│┌ + ┐ ┌──────────┐                                                            │
├──────│Back      │────────────────────────────────────────────────────────────┤
│[‹] [›│Forward   │RL: │https://example.com                                    │
├──────│Home      │────────────────────────────────────────────────────────────┤
│hello └──────────┘                                                            │
│                                                                              │
│                                                                              │
│                                                                              │
│                                                                              │
│                                                                              │
│                                                                              │
│                                                                              │
│                                                                              │
│                                                                              │
│                                                                              │
│                                                                              │
│                                                                              │
│                                                                              │
│                                                                              │
│                                                                              │
│                                                                              │
│                                                                              │
Ready                                                       https://example.com
