---
source: src/ui/chrome.rs
expression: rendered
---
 File  Navigate  View  Help  TextSurfer 
│┌ first [■]┐ ┌ + ┐                    │
│┘          └──────────────────────────┤
│ [‹] [›] [↻] [⌂]  URL: │https://exam│ │
├──────────────────────────────────────┤
│hello                                 █
│                                      █
Ready               https://example.com
