---
source: src/ui/chrome.rs
expression: "snapshot(Size { cols: 80, rows: 24 })"
---
 File  Navigate  View  Help                       TextSurf                      
│┌ + ┐                                                                         │
├──────────────────────────────────────────────────────────────────────────────┤
│[‹] [›] [↻] [⌂]  URL: │https://example.com                                    │
├──────────────────────────────────────────────────────────────────────────────┤
│hello                                                                         │
│                                                                              │
│                                                                              │
│                                                                              │
│                                                                              │
│                                                                              │
│                                                                              │
│                                                                              │
│                                                                              │
│                                                                              │
│                                                                              │
│                                                                              │
│                                                                              │
│                                                                              │
│                                                                              │
│                                                                              │
│                                                                              │
│                                                                              │
Ready                                                       https://example.com
